/*Compilador FOCA*/
#include <stdio.h>
int main(void) {
    int t1;
    int t2;
    int t3;
    int t4;
    int t5;
    int t6;
    int t7;
    int t8;
    int t9;
    int t10;
    int t11;

    t1 = 0;
    t2 = t1;
    t3 = 0;
    t4 = t3;
L1:
    t5 = 4;
    t6 = t4 < t5;
    if (!t6) goto L3;
    t9 = 2;
    t10 = t4 == t9;
    if (!t10) goto L4;
    goto L2;
L4:
    t11 = t2 + t4;
    t2 = t11;
L2:
    t7 = 1;
    t8 = t4 + t7;
    t4 = t8;
    goto L1;
L3:
    printf("x = %d", t2);
    return 0;
}
